I'm sorry, but errors were detected in your script. Please correct the
errors listed below, and try again.


File "game/script_2.rpy", line 96: expected ':' not found.
    label rute_2a
                 ^

Ren'Py Version: Ren'Py 6.99.13.2919
